// Jest Snapshot v1, https://goo.gl/fbAQLP

exports[`LiteralEmailPlaintextRenderer should render email change text 1`] = `
"
      Hi Ricky,

      You have requested an email change.

      >> Confirm Email
      https://example.com/email-change

      - Team Covee
    "
`;

exports[`LiteralEmailPlaintextRenderer should render login text 1`] = `
"
      Hi Julian,

      You have requested a login.

      >> Login
      https://example.com/login

      - Team Covee
    "
`;

exports[`LiteralEmailPlaintextRenderer should render manager review requested text 1`] = `
"
      Hi Julian,

      All peer-reviews have been submitted in \\"My Project\\" and you are requested to submit a manager-review.

      >> Submit Manager Review
      http://example.com

      - Team Covee
    "
`;

exports[`LiteralEmailPlaintextRenderer should render new assignment text 1`] = `
"
      Hi Randy,

      You are assigned the role of \\"Particle Scientist\\" in \\"Neutron Collider\\".

      >> See Assignment
      http://example.com

      - Team Covee
    "
`;

exports[`LiteralEmailPlaintextRenderer should render peer review requested text 1`] = `
"
      Hi Cyrus,

      You are requested to submit a peer-review in \\"My Project\\".

      >> Submit Peer Review
      http://example.com

      - Team Covee
    "
`;

exports[`LiteralEmailPlaintextRenderer should render project finished text 1`] = `
"
      Hi Ricky,

      Project \\"My Project\\" is finished and the results are ready.

      >> Check Results
      http://example.com

      - Team Covee
    "
`;

exports[`LiteralEmailPlaintextRenderer should render signup text 1`] = `
"
      Hi there,

      You have requested a signup.

      >> Signup
      https://example.com/signup

      - Team Covee
    "
`;

exports[`LiteralEmailPlaintextRenderer should render unregistered user new assignment text 1`] = `
"
      Hi Bubbles,

      You are assigned the role of \\"Particle Scientist\\" in \\"Neutron Collider\\".

      >> Get Started
      http://example.com/signup

      - Team Covee
    "
`;
